// Jest Snapshot v1, https://goo.gl/fbAQLP

exports[`HeroList should render correctly 1`] = `
<div>
  <div
    class="sc-qRumB dehFKr"
  >
    <div
      class="sc-jTrPJq gXXERz"
      data-testid="hero-card-container"
    >
      <div
        class="sc-gLDzan jvOWUK"
      >
        <img
          class="sc-iAEyYk CCQck"
          src="https://via.placeholder.com/150"
        />
      </div>
      <div
        class="sc-fsQiph"
      >
        <h2
          class="sc-gueYoa dRSvwi"
        >
          Hero 1
        </h2>
      </div>
    </div>
    <div
      class="sc-jTrPJq gXXERz"
      data-testid="hero-card-container"
    >
      <div
        class="sc-gLDzan jvOWUK"
      >
        <img
          class="sc-iAEyYk CCQck"
          src="https://via.placeholder.com/150"
        />
      </div>
      <div
        class="sc-fsQiph"
      >
        <h2
          class="sc-gueYoa dRSvwi"
        >
          Hero 2
        </h2>
      </div>
    </div>
  </div>
</div>
`;

exports[`HeroList should render correctly when there are no heroes 1`] = `
<div>
  <div
    class="sc-qRumB dehFKr"
  />
</div>
`;
